[2026-09-28T07:26:04.410Z] ELIFECYCLE  Command failed.
[2026-09-28T07:26:04.439Z] Dev server exited with code -1
[2026-09-28T07:26:05.519Z] Starting dev server with command: pnpm run dev
[2026-09-28T07:26:06.073Z] $ vite --host 0.0.0.0
[2026-09-28T07:26:06.330Z] VITE v8.3.1  ready in 212 ms
[2026-09-28T07:26:06.330Z] ➜  Local:   http://localhost:5173/
[2026-09-28T07:26:06.330Z] ➜  Network: http://169.254.0.21:5173/  eth0
[2026-09-28T07:26:43.336Z] 7:26:43 AM [vite] (client) page reload src/App.tsx
[2026-09-28T07:27:10.528Z] [ELIFECYCLE] Command failed.
[2026-09-28T07:27:10.534Z] Dev server exited with code -1
[2026-09-28T07:27:11.608Z] Starting dev server with command: pnpm run dev
[2026-09-28T07:27:12.174Z] $ vite --host 0.0.0.0
[2026-09-28T07:27:12.417Z] VITE v8.3.1  ready in 200 ms
[2026-09-28T07:27:12.418Z] ➜  Local:   http://localhost:5173/
[2026-09-28T07:27:12.418Z] ➜  Network: http://169.254.0.21:5173/  eth0
[2026-09-28T07:27:21.926Z] 7:27:21 AM [vite] (client) page reload index.html
[2026-09-28T07:27:21.999Z] 7:27:21 AM [vite] (client) page reload src/App.tsx
[2026-09-28T07:27:22.000Z] 7:27:22 AM [vite] (client) hmr update /src/index.css
[2026-09-28T07:27:22.000Z] 7:27:22 AM [vite] (client) page reload src/main.tsx
[2026-09-28T07:27:22.000Z] 7:27:22 AM [vite] (client) page reload client/index.html
[2026-09-28T07:27:22.477Z] 7:27:22 AM [vite] changed tsconfig file detected: /home/ubuntu/rhine-personal-site/tsconfig.json - Clearing cache and forcing full-reload to ensure TypeScript is compiled with updated config values.
[2026-09-28T07:27:22.481Z] 7:27:22 AM [vite] (client) page reload src/App.tsx
[2026-09-28T07:27:22.481Z] 7:27:22 AM [vite] (client) hmr update /src/index.css
[2026-09-28T07:27:22.481Z] 7:27:22 AM [vite] (client) page reload src/main.tsx
